---
source: crates/oxc_linter/src/tester.rs
---
  ⚠ oxc(ifs-same-conditions): Unreachable if consequent
   ╭─[ifs_same_conditions.tsx:1:20]
 1 │ if (a) {} else if (a) {}
   ·                    ─
   ╰────
  help: This if statement test will always be false, as the previous `if` statement covers the same condition.

  ⚠ oxc(ifs-same-conditions): Unreachable if consequent
   ╭─[ifs_same_conditions.tsx:1:35]
 1 │ if (a) {} else if (b) {} else if (a) {}
   ·                                   ─
   ╰────
  help: This if statement test will always be false, as the previous `if` statement covers the same condition.

  ⚠ oxc(ifs-same-conditions): Unreachable if consequent
   ╭─[ifs_same_conditions.tsx:1:25]
 1 │ if (a && b) {} else if (a && b) {}
   ·                         ──────
   ╰────
  help: This if statement test will always be false, as the previous `if` statement covers the same condition.

  ⚠ oxc(ifs-same-conditions): Unreachable if consequent
   ╭─[ifs_same_conditions.tsx:1:25]
 1 │ if (a || b) {} else if (b) {}
   ·                         ─
   ╰────
  help: This if statement test will always be false, as the previous `if` statement covers the same condition.

  ⚠ oxc(ifs-same-conditions): Unreachable if consequent
   ╭─[ifs_same_conditions.tsx:1:25]
 1 │ if (a || b) {} else if (a) {}
   ·                         ─
   ╰────
  help: This if statement test will always be false, as the previous `if` statement covers the same condition.

  ⚠ oxc(ifs-same-conditions): Unreachable if consequent
   ╭─[ifs_same_conditions.tsx:1:25]
 1 │ if (a || b) {} else if (b && c) {}
   ·                         ──────
   ╰────
  help: This if statement test will always be false, as the previous `if` statement covers the same condition.

  ⚠ oxc(ifs-same-conditions): Unreachable if consequent
   ╭─[ifs_same_conditions.tsx:1:36]
 1 │ if (a) {} else if (!a) {} else if (a && b) {}
   ·                                    ──────
   ╰────
  help: This if statement test will always be false, as the previous `if` statement covers the same condition.

  ⚠ oxc(ifs-same-conditions): Unreachable if consequent
   ╭─[ifs_same_conditions.tsx:1:25]
 1 │ if (b || c) {} else if (b) {}
   ·                         ─
   ╰────
  help: This if statement test will always be false, as the previous `if` statement covers the same condition.

  ⚠ oxc(ifs-same-conditions): Unreachable if consequent
   ╭─[ifs_same_conditions.tsx:1:45]
 1 │ if (a || b || c) {} else if (d) {} else if (a) {}
   ·                                             ─
   ╰────
  help: This if statement test will always be false, as the previous `if` statement covers the same condition.

  ⚠ oxc(ifs-same-conditions): Unreachable if consequent
   ╭─[ifs_same_conditions.tsx:1:25]
 1 │ if (a || b) {} else if (a && b) {}
   ·                         ──────
   ╰────
  help: This if statement test will always be false, as the previous `if` statement covers the same condition.

  ⚠ oxc(ifs-same-conditions): Unreachable if consequent
   ╭─[ifs_same_conditions.tsx:1:25]
 1 │ if (a || b) {} else if (a && b) {}
   ·                         ──────
   ╰────
  help: This if statement test will always be false, as the previous `if` statement covers the same condition.

  ⚠ oxc(ifs-same-conditions): Unreachable if consequent
   ╭─[ifs_same_conditions.tsx:1:42]
 1 │ if (false) {} else if (true) {} else if (true) {}
   ·                                          ────
   ╰────
  help: This if statement test will always be false, as the previous `if` statement covers the same condition.
