---
source: tasks/website/src/linter/json_schema.rs
expression: snapshot
---
# Oxlint Configuration File

This configuration is aligned with ESLint v8's configuration schema (`eslintrc.json`).

Usage: `oxlint -c oxlintrc.json`

::: danger NOTE

Only the `.json` format is supported. You can use comments in configuration files.

:::

Example

`.oxlintrc.json`

```json
{
  "env": {
    "browser": true
  },
  "globals": {
    "foo": "readonly"
  },
  "settings": {},
  "rules": {
    "eqeqeq": "warn"
  }
}
```


## env

type: `object`

Predefine global variables.



## globals

type: `object`

Add or remove global variables.



## rules


See [Oxlint Rules](./rules)



## settings

type: `object`

Configure the behavior of linter plugins.

## Example

Here's an example if you're using Next.js in a monorepo:

```jsonc { "settings": { "next": { "rootDir": "apps/dashboard/" }, "react": { "linkComponents": [ // support next/link { "name": "Link", "linkAttribute": "to" } ] }, "jsx-a11y": { "components": { "Link": "a", "Button": "button" } } } } ```


### settings.jsdoc

type: `object`




#### settings.jsdoc.augmentsExtendsReplacesDocs

type: `boolean`

Only for `require-(yields|returns|description|example|param|throws)` rule



#### settings.jsdoc.exemptDestructuredRootsFromChecks

type: `boolean`

Only for `require-param-type` and `require-param-description` rule



#### settings.jsdoc.ignoreInternal

type: `boolean`

For all rules but NOT apply to `empty-tags` rule



#### settings.jsdoc.ignorePrivate

type: `boolean`

For all rules but NOT apply to `check-access` and `empty-tags` rule



#### settings.jsdoc.ignoreReplacesDocs

type: `boolean`

Only for `require-(yields|returns|description|example|param|throws)` rule



#### settings.jsdoc.implementsReplacesDocs

type: `boolean`

Only for `require-(yields|returns|description|example|param|throws)` rule



#### settings.jsdoc.overrideReplacesDocs

type: `boolean`

Only for `require-(yields|returns|description|example|param|throws)` rule



#### settings.jsdoc.tagNamePreference

type: `object`






### settings.jsx-a11y

type: `object`

Configure JSX A11y plugin rules.

See [eslint-plugin-jsx-a11y](https://github.com/jsx-eslint/eslint-plugin-jsx-a11y#configurations)'s configuration for a full reference.


#### settings.jsx-a11y.components

type: `object`

To have your custom components be checked as DOM elements, you can provide a mapping of your component names to the DOM element name.

## Example

```json { "settings": { "jsx-a11y": { "components": { "Link": "a", "IconButton": "button" } } } } ```



#### settings.jsx-a11y.polymorphicPropName

type: `[
  string,
  null
]`

An optional setting that define the prop your code uses to create polymorphic components. This setting will be used to determine the element type in rules that require semantic context.

For example, if you set the `polymorphicPropName` to `as`, then this element:

```jsx <Box as="h3">Hello</Box> ```

Will be treated as an `h3`. If not set, this component will be treated as a `Box`.




### settings.next

type: `object`

Configure Next.js plugin rules.


#### settings.next.rootDir


The root directory of the Next.js project.

This is particularly useful when you have a monorepo and your Next.js project is in a subfolder.

## Example

```json { "settings": { "next": { "rootDir": "apps/dashboard/" } } } ```




### settings.react

type: `object`

Configure React plugin rules.

Derived from [eslint-plugin-react](https://github.com/jsx-eslint/eslint-plugin-react#configuration-legacy-eslintrc-)


#### settings.react.formComponents

type: `array`

Components used as alternatives to `<form>` for forms, such as `<Formik>`.

## Example

```jsonc { "settings": { "react": { "formComponents": [ "CustomForm", // OtherForm is considered a form component and has an endpoint attribute { "name": "OtherForm", "formAttribute": "endpoint" }, // allows specifying multiple properties if necessary { "name": "Form", "formAttribute": ["registerEndpoint", "loginEndpoint"] } ] } } } ```


##### settings.react.formComponents[n]







#### settings.react.linkComponents

type: `array`

Components used as alternatives to `<a>` for linking, such as `<Link>`.

## Example

```jsonc { "settings": { "react": { "linkComponents": [ "HyperLink", // Use `linkAttribute` for components that use a different prop name // than `href`. { "name": "MyLink", "linkAttribute": "to" }, // allows specifying multiple properties if necessary { "name": "Link", "linkAttribute": ["to", "href"] } ] } } } ```


##### settings.react.linkComponents[n]
